+----------------+
| PP CONTRACTION |
+----------------+
NVIR = 100
Starting benchmark with contraction PP
PREC DIGITS = 10
Setting up PP contraction...
Finished generating tensors
Before TAPP tensor info
Finished TAPP product
Finished cuTENSOR product and it took 137.819183 ms (average over 20 repetitions)
NVIR = 140
Starting benchmark with contraction PP
PREC DIGITS = 10
Setting up PP contraction...
Finished generating tensors
Before TAPP tensor info
Finished TAPP product
Finished cuTENSOR product and it took 409.648376 ms (average over 20 repetitions)
NVIR = 200
Starting benchmark with contraction PP
PREC DIGITS = 10
Setting up PP contraction...
Finished generating tensors
Before TAPP tensor info
Finished TAPP product
Finished cuTENSOR product and it took 1443.395630 ms (average over 20 repetitions)
NVIR = 282
Starting benchmark with contraction PP
PREC DIGITS = 10
Setting up PP contraction...
Finished generating tensors
Before TAPP tensor info
Finished TAPP product
Finished cuTENSOR product and it took 20339.398438 ms (average over 20 repetitions)
NVIR = 300
Starting benchmark with contraction PP
PREC DIGITS = 10
Setting up PP contraction...
Finished generating tensors
Before TAPP tensor info
Finished TAPP product
Finished cuTENSOR product and it took 21176.410156 ms (average over 20 repetitions)
+----------------+
| PH CONTRACTION |
+----------------+
NVIR = 100
Starting benchmark with contraction PH
PREC DIGITS = 10
Setting up PH contraction...
Finished generating tensors
Before TAPP tensor info
Finished TAPP product
Finished cuTENSOR product and it took 189.830139 ms (average over 20 repetitions)
NVIR = 140
Starting benchmark with contraction PH
PREC DIGITS = 10
Setting up PH contraction...
Finished generating tensors
Before TAPP tensor info
Finished TAPP product
Finished cuTENSOR product and it took 400.443054 ms (average over 20 repetitions)
NVIR = 200
Starting benchmark with contraction PH
PREC DIGITS = 10
Setting up PH contraction...
Finished generating tensors
Before TAPP tensor info
Finished TAPP product
Finished cuTENSOR product and it took 1000.231079 ms (average over 20 repetitions)
NVIR = 282
Starting benchmark with contraction PH
PREC DIGITS = 10
Setting up PH contraction...
Finished generating tensors
Before TAPP tensor info
Finished TAPP product
Finished cuTENSOR product and it took 2396.622803 ms (average over 20 repetitions)
NVIR = 300
Starting benchmark with contraction PH
PREC DIGITS = 10
Setting up PH contraction...
Finished generating tensors
Before TAPP tensor info
Finished TAPP product
Finished cuTENSOR product and it took 2794.626953 ms (average over 20 repetitions)
