+----------------+
| PP CONTRACTION |
+----------------+
NVIR = 100
Starting benchmark with contraction PP
PREC DIGITS = 10
Setting up PP contraction...
Finished generating tensors
Before TAPP tensor info
Finished TAPP product
Finished cuTENSOR product and it took 139.705841 ms (average over 20 repetitions)
NVIR = 140
Starting benchmark with contraction PP
PREC DIGITS = 10
Setting up PP contraction...
Finished generating tensors
Before TAPP tensor info
Finished TAPP product
Finished cuTENSOR product and it took 423.579407 ms (average over 20 repetitions)
NVIR = 200
Starting benchmark with contraction PP
PREC DIGITS = 10
Setting up PP contraction...
Finished generating tensors
Before TAPP tensor info
Finished TAPP product
Finished cuTENSOR product and it took 1484.127563 ms (average over 20 repetitions)
NVIR = 282
Starting benchmark with contraction PP
PREC DIGITS = 10
Setting up PP contraction...
Finished generating tensors
Before TAPP tensor info
Finished TAPP product
Finished cuTENSOR product and it took 20398.660156 ms (average over 20 repetitions)
NVIR = 300
Starting benchmark with contraction PP
PREC DIGITS = 10
Setting up PP contraction...
Finished generating tensors
Before TAPP tensor info
Finished TAPP product
Finished cuTENSOR product and it took 21199.501953 ms (average over 20 repetitions)
+----------------+
| PH CONTRACTION |
+----------------+
NVIR = 100
Starting benchmark with contraction PH
PREC DIGITS = 10
Setting up PH contraction...
Finished generating tensors
Before TAPP tensor info
Finished TAPP product
Finished cuTENSOR product and it took 193.273819 ms (average over 20 repetitions)
NVIR = 140
Starting benchmark with contraction PH
PREC DIGITS = 10
Setting up PH contraction...
Finished generating tensors
Before TAPP tensor info
Finished TAPP product
Finished cuTENSOR product and it took 428.682220 ms (average over 20 repetitions)
NVIR = 200
Starting benchmark with contraction PH
PREC DIGITS = 10
Setting up PH contraction...
Finished generating tensors
Before TAPP tensor info
Finished TAPP product
Finished cuTENSOR product and it took 1031.461670 ms (average over 20 repetitions)
NVIR = 282
Starting benchmark with contraction PH
PREC DIGITS = 10
Setting up PH contraction...
Finished generating tensors
Before TAPP tensor info
Finished TAPP product
Finished cuTENSOR product and it took 2517.322754 ms (average over 20 repetitions)
NVIR = 300
Starting benchmark with contraction PH
PREC DIGITS = 10
Setting up PH contraction...
Finished generating tensors
Before TAPP tensor info
Finished TAPP product
Finished cuTENSOR product and it took 2905.988770 ms (average over 20 repetitions)
