+----------------+
| PP CONTRACTION |
+----------------+
NVIR = 100
Starting benchmark with contraction PP
PREC DIGITS = 14
Setting up PP contraction...
Finished generating tensors
Before TAPP tensor info
Finished TAPP product
Finished cuTENSOR product and it took 311.409180 ms (average over 20 repetitions)
NVIR = 140
Starting benchmark with contraction PP
PREC DIGITS = 14
Setting up PP contraction...
Finished generating tensors
Before TAPP tensor info
Finished TAPP product
Finished cuTENSOR product and it took 1038.477295 ms (average over 20 repetitions)
NVIR = 200
Starting benchmark with contraction PP
PREC DIGITS = 14
Setting up PP contraction...
Finished generating tensors
Before TAPP tensor info
Finished TAPP product
Finished cuTENSOR product and it took 3979.471924 ms (average over 20 repetitions)
NVIR = 282
Starting benchmark with contraction PP
PREC DIGITS = 14
Setting up PP contraction...
Finished generating tensors
Before TAPP tensor info
Finished TAPP product
Finished cuTENSOR product and it took 20363.113281 ms (average over 20 repetitions)
NVIR = 300
Starting benchmark with contraction PP
PREC DIGITS = 14
Setting up PP contraction...
Finished generating tensors
Before TAPP tensor info
Finished TAPP product
Finished cuTENSOR product and it took 21206.332031 ms (average over 20 repetitions)
+----------------+
| PH CONTRACTION |
+----------------+
NVIR = 100
Starting benchmark with contraction PH
PREC DIGITS = 14
Setting up PH contraction...
Finished generating tensors
Before TAPP tensor info
Finished TAPP product
Finished cuTENSOR product and it took 363.441803 ms (average over 20 repetitions)
NVIR = 140
Starting benchmark with contraction PH
PREC DIGITS = 14
Setting up PH contraction...
Finished generating tensors
Before TAPP tensor info
Finished TAPP product
Finished cuTENSOR product and it took 878.879211 ms (average over 20 repetitions)
NVIR = 200
Starting benchmark with contraction PH
PREC DIGITS = 14
Setting up PH contraction...
Finished generating tensors
Before TAPP tensor info
Finished TAPP product
Finished cuTENSOR product and it took 2308.500244 ms (average over 20 repetitions)
NVIR = 282
Starting benchmark with contraction PH
PREC DIGITS = 14
Setting up PH contraction...
Finished generating tensors
Before TAPP tensor info
Finished TAPP product
Finished cuTENSOR product and it took 5978.366211 ms (average over 20 repetitions)
NVIR = 300
Starting benchmark with contraction PH
PREC DIGITS = 14
Setting up PH contraction...
Finished generating tensors
Before TAPP tensor info
Finished TAPP product
Finished cuTENSOR product and it took 7060.332031 ms (average over 20 repetitions)
